// Jest Snapshot v1, https://goo.gl/fbAQLP

exports[`<Footer /> should match snapshot 1`] = `
<Provider
  store={
    Object {
      "dispatch": [Function],
      "getState": [Function],
      "replaceReducer": [Function],
      "subscribe": [Function],
      Symbol(observable): [Function],
    }
  }
>
  <Footer>
    <footer
      className="footer"
    >
      <div
        className="footer_content"
      >
        <div
          className="footer__content__left-brand"
        >
          <div
            className="brand-name"
          >
            iReporter
          </div>
          <p
            className="brand-name__brief"
          >
            Let's build a better Nation.
          </p>
        </div>
        <div
          className="footer-content"
        >
          <a
            href="##"
          >
            Terms and Conditions
          </a>
          <a
            href="##"
          >
            | Contact Us
          </a>
          <a
            href="##"
          >
            | Career 
          </a>
        </div>
      </div>
      <div
        className="footer-bottom"
      >
        copyright Â© 2018. All rights reserved.
      </div>
    </footer>
  </Footer>
</Provider>
`;
