// Jest Snapshot v1, https://goo.gl/fbAQLP

exports[`<ViewIncident /> rendering should render without crashing 1`] = `ReactWrapper {}`;
