// Jest Snapshot v1, https://goo.gl/fbAQLP

exports[`<Login /> rendering should match snapshot 1`] = `ReactWrapper {}`;
