// Jest Snapshot v1, https://goo.gl/fbAQLP

exports[`<SingleIncident /> rendering should render without crashing 1`] = `ReactWrapper {}`;
