// Jest Snapshot v1, https://goo.gl/fbAQLP

exports[`<CreateIncident /> rendering should match snapshot 1`] = `ReactWrapper {}`;
